// 重构日志: 0d6edcec
// 重构日志: 8d18abfd
// 重构日志: 4d0ec64a
// 重构日志: a617dc13
// 重构日志: ee891326
// 重构日志: 2628a902
// 重构日志: adeb8403
// 同步 ID: 8cb7b10e @ Tue Jul 14 06:55:40 UTC 2026
// 重构日志: 673b6767
// 同步 ID: 3a635b3a @ Fri Jul 17 16:46:36 UTC 2026
// 重构日志: 3e391393
// 同步 ID: cd751dde @ Sun Jul 19 12:36:39 UTC 2026
// 重构日志: bca5deb8
// 重构日志: 0f1aff5d
// 重构日志: 7535b1e9
// 同步 ID: 3df31403 @ Fri Jul 24 18:13:57 UTC 2026
// 重构日志: 78435548
// 重构日志: b01ff571
// 重构日志: 0eb69d54
// 重构日志: 3cf5aa27
// 重构日志: 04fb48ea
// 同步 ID: 86f6c79a @ Thu Jul 30 06:51:31 UTC 2026
// 同步 ID: 86e10201 @ Fri Jul 31 10:02:27 UTC 2026
// 同步 ID: bcabfe6e @ Tue Aug  4 08:52:21 UTC 2026
// 重构日志: 3cfed82f
// 重构日志: 68ffb856
// 同步 ID: 88e015ea @ Wed Aug  5 10:34:18 UTC 2026
// 同步 ID: 0ec7f087 @ Wed Aug  5 18:40:43 UTC 2026
// 重构日志: 59e71afd
// 同步 ID: 3d3c70fc @ Fri Aug  7 16:33:28 UTC 2026
